// Jest Snapshot v1, https://goo.gl/fbAQLP

exports[`discover Discover CSV Export Generate CSV: new search generates a large export 1`] = `
"\\"_id\\",\\"_index\\",\\"_score\\",category,\\"category.keyword\\",currency,\\"customer_first_name\\",\\"customer_first_name.keyword\\",\\"customer_full_name\\",\\"customer_full_name.keyword\\",\\"customer_gender\\",\\"customer_id\\",\\"customer_last_name\\",\\"customer_last_name.keyword\\",\\"customer_phone\\",\\"day_of_week\\",\\"day_of_week_i\\",email,\\"geoip.city_name\\",\\"geoip.continent_name\\",\\"geoip.country_iso_code\\",\\"geoip.location\\",\\"geoip.region_name\\",manufacturer,\\"manufacturer.keyword\\",\\"order_date\\",\\"order_id\\",\\"products._id\\",\\"products._id.keyword\\",\\"products.base_price\\",\\"products.base_unit_price\\",\\"products.category\\",\\"products.category.keyword\\",\\"products.created_on\\",\\"products.discount_amount\\",\\"products.discount_percentage\\",\\"products.manufacturer\\",\\"products.manufacturer.keyword\\",\\"products.min_price\\",\\"products.price\\",\\"products.product_id\\",\\"products.product_name\\",\\"products.product_name.keyword\\",\\"products.quantity\\",\\"products.sku\\",\\"products.tax_amount\\",\\"products.taxful_price\\",\\"products.taxless_price\\",\\"products.unit_discount_amount\\",sku,\\"taxful_total_price\\",\\"taxless_total_price\\",\\"total_quantity\\",\\"total_unique_products\\",type,user
1wMtOW0BH63Xcmy4528Z,ecommerce,\\"-\\",\\"Men's Clothing, Men's Shoes\\",\\"Men's Clothing, Men's Shoes\\",EUR,Robbie,Robbie,\\"Robbie Hubbard\\",\\"Robbie Hubbard\\",MALE,48,Hubbard,Hubbard,\\"(empty)\\",Saturday,5,\\"robbie@hubbard-family.zzz\\",Dubai,Asia,AE,\\"POINT (55.3 25.3)\\",Dubai,\\"Low Tide Media\\",\\"Low Tide Media\\",\\"Jul 12, 2019 @ 00:00:00.000\\",591010,\\"sold_product_591010_23250, sold_product_591010_24934\\",\\"sold_product_591010_23250, sold_product_591010_24934\\",\\"33, 50\\",\\"33, 50\\",\\"Men's Clothing, Men's Shoes\\",\\"Men's Clothing, Men's Shoes\\",\\"Dec 31, 2016 @ 00:00:00.000, Dec 31, 2016 @ 00:00:00.000\\",\\"0, 0\\",\\"0, 0\\",\\"Low Tide Media, Low Tide Media\\",\\"Low Tide Media, Low Tide Media\\",\\"16.813, 22.5\\",\\"33, 50\\",\\"23,250, 24,934\\",\\"TERRY - Sweatshirt - grey multicolor, Lace-up boots - resin coffee\\",\\"TERRY - Sweatshirt - grey multicolor, Lace-up boots - resin coffee\\",\\"1, 1\\",\\"ZO0458804588, ZO0403504035\\",\\"0, 0\\",\\"33, 50\\",\\"33, 50\\",\\"0, 0\\",\\"ZO0458804588, ZO0403504035\\",83,83,2,2,order,robbie
AgMtOW0BH63Xcmy453AZ,ecommerce,\\"-\\",\\"Men's Accessories, Men's Clothing\\",\\"Men's Accessories, Men's Clothing\\",EUR,Boris,Boris,\\"Boris Schultz\\",\\"Boris Schultz\\",MALE,36,Schultz,Schultz,\\"(empty)\\",Saturday,5,\\"boris@schultz-family.zzz\\",\\"-\\",Europe,GB,\\"POINT (-0.1 51.5)\\",\\"-\\",\\"Low Tide Media, Elitelligence\\",\\"Low Tide Media, Elitelligence\\",\\"Jul 12, 2019 @ 00:00:00.000\\",591201,\\"sold_product_591201_12696, sold_product_591201_6490\\",\\"sold_product_591201_12696, sold_product_591201_6490\\",\\"75, 20.984\\",\\"75, 20.984\\",\\"Men's Accessories, Men's Clothing\\",\\"Men's Accessories, Men's Clothing\\",\\"Dec 31, 2016 @ 00:00:00.000, Dec 31, 2016 @ 00:00:00.000\\",\\"0, 0\\",\\"0, 0\\",\\"Low Tide Media, Elitelligence\\",\\"Low Tide Media, Elitelligence\\",\\"36.75, 10.906\\",\\"75, 20.984\\",\\"12,696, 6,490\\",\\"Briefcase - brandy, Chinos - khaki\\",\\"Briefcase - brandy, Chinos - khaki\\",\\"1, 1\\",\\"ZO0466904669, ZO0526905269\\",\\"0, 0\\",\\"75, 20.984\\",\\"75, 20.984\\",\\"0, 0\\",\\"ZO0466904669, ZO0526905269\\",96,96,2,2,order,boris
BgMtOW0BH63Xcmy453AZ,ecommerce,\\"-\\",\\"Women's Shoes\\",\\"Women's Shoes\\",EUR,Abigail,Abigail,\\"Abigail Greene\\",\\"Abigail Greene\\",FEMALE,46,Greene,Greene,\\"(empty)\\",Saturday,5,\\"abigail@greene-family.zzz\\",Birmingham,Europe,GB,\\"POINT (-1.9 52.5)\\",Birmingham,\\"Low Tide Media, Primemaster\\",\\"Low Tide Media, Primemaster\\",\\"Jul 12, 2019 @ 00:00:00.000\\",591661,\\"sold_product_591661_14298, sold_product_591661_23145\\",\\"sold_product_591661_14298, sold_product_591661_23145\\",\\"65, 75\\",\\"65, 75\\",\\"Women's Shoes, Women's Shoes\\",\\"Women's Shoes, Women's Shoes\\",\\"Dec 31, 2016 @ 00:00:00.000, Dec 31, 2016 @ 00:00:00.000\\",\\"0, 0\\",\\"0, 0\\",\\"Low Tide Media, Primemaster\\",\\"Low Tide Media, Primemaster\\",\\"30.547, 40.5\\",\\"65, 75\\",\\"14,298, 23,145\\",\\"Ankle boots - black, High heels - rose \\",\\"Ankle boots - black, High heels - rose \\",\\"1, 1\\",\\"ZO0378003780, ZO0359903599\\",\\"0, 0\\",\\"65, 75\\",\\"65, 75\\",\\"0, 0\\",\\"ZO0378003780, ZO0359903599\\",140,140,2,2,order,abigail
uQMtOW0BH63Xcmy44mSR,ecommerce,\\"-\\",\\"Men's Clothing, Men's Shoes\\",\\"Men's Clothing, Men's Shoes\\",EUR,\\"Ahmed Al\\",\\"Ahmed Al\\",\\"Ahmed Al Underwood\\",\\"Ahmed Al Underwood\\",MALE,4,Underwood,Underwood,\\"(empty)\\",Saturday,5,\\"ahmed al@underwood-family.zzz\\",\\"Abu Dhabi\\",Asia,AE,\\"POINT (54.4 24.5)\\",\\"Abu Dhabi\\",\\"Oceanavigations, Elitelligence\\",\\"Oceanavigations, Elitelligence\\",\\"Jul 12, 2019 @ 00:00:00.000\\",591148,\\"sold_product_591148_21323, sold_product_591148_19707\\",\\"sold_product_591148_21323, sold_product_591148_19707\\",\\"65, 20.984\\",\\"65, 20.984\\",\\"Men's Clothing, Men's Shoes\\",\\"Men's Clothing, Men's Shoes\\",\\"Dec 31, 2016 @ 00:00:00.000, Dec 31, 2016 @ 00:00:00.000\\",\\"0, 0\\",\\"0, 0\\",\\"Oceanavigations, Elitelligence\\",\\"Oceanavigations, Elitelligence\\",\\"29.25, 10.289\\",\\"65, 20.984\\",\\"21,323, 19,707\\",\\"Light jacket - navy, Trainers - black\\",\\"Light jacket - navy, Trainers - black\\",\\"1, 1\\",\\"ZO0290302903, ZO0513705137\\",\\"0, 0\\",\\"65, 20.984\\",\\"65, 20.984\\",\\"0, 0\\",\\"ZO0290302903, ZO0513705137\\",86,86,2,2,order,ahmed
ugMtOW0BH63Xcmy44mSR,ecommerce,\\"-\\",\\"Men's Accessories, Men's Clothing\\",\\"Men's Accessories, Men's Clothin"
`;

exports[`discover Discover CSV Export Generate CSV: new search generates a large export 2`] = `
"dger Blue, Across body bag - cognac, Platform heels - red, Wedges - beige\\",\\"1, 1, 1, 1\\",\\"ZO0001800018, ZO0211402114, ZO0005200052, ZO0010100101\\",\\"0, 0, 0, 0\\",\\"20.984, 30.984, 31.984, 14.992\\",\\"20.984, 30.984, 31.984, 14.992\\",\\"0, 0, 0, 0\\",\\"ZO0001800018, ZO0211402114, ZO0005200052, ZO0010100101\\",\\"98.938\\",\\"98.938\\",4,4,order,elyssa
CwMtOW0BH63Xcmy4528Z,ecommerce,\\"-\\",\\"Men's Shoes, Men's Clothing\\",\\"Men's Shoes, Men's Clothing\\",EUR,Oliver,Oliver,\\"Oliver Smith\\",\\"Oliver Smith\\",MALE,7,Smith,Smith,\\"(empty)\\",Thursday,3,\\"oliver@smith-family.zzz\\",\\"-\\",Europe,GB,\\"POINT (-0.1 51.5)\\",\\"-\\",\\"Low Tide Media, Elitelligence\\",\\"Low Tide Media, Elitelligence\\",\\"Jun 12, 2019 @ 00:00:00.000\\",550663,\\"sold_product_550663_12840, sold_product_550663_13483\\",\\"sold_product_550663_12840, sold_product_550663_13483\\",\\"65, 10.992\\",\\"65, 10.992\\",\\"Men's Shoes, Men's Clothing\\",\\"Men's Shoes, Men's Clothing\\",\\"Dec 1, 2016 @ 00:00:00.000, Dec 1, 2016 @ 00:00:00.000\\",\\"0, 0\\",\\"0, 0\\",\\"Low Tide Media, Elitelligence\\",\\"Low Tide Media, Elitelligence\\",\\"30.547, 4.949\\",\\"65, 10.992\\",\\"12,840, 13,483\\",\\"Lace-up boots - black, Print T-shirt - white\\",\\"Lace-up boots - black, Print T-shirt - white\\",\\"1, 1\\",\\"ZO0399703997, ZO0560905609\\",\\"0, 0\\",\\"65, 10.992\\",\\"65, 10.992\\",\\"0, 0\\",\\"ZO0399703997, ZO0560905609\\",76,76,2,2,order,oliver
DAMtOW0BH63Xcmy4528Z,ecommerce,\\"-\\",\\"Women's Clothing\\",\\"Women's Clothing\\",EUR,Betty,Betty,\\"Betty Riley\\",\\"Betty Riley\\",FEMALE,44,Riley,Riley,\\"(empty)\\",Thursday,3,\\"betty@riley-family.zzz\\",\\"New York\\",\\"North America\\",US,\\"POINT (-74 40.7)\\",\\"New York\\",\\"Pyramidustries, Spherecords\\",\\"Pyramidustries, Spherecords\\",\\"Jun 12, 2019 @ 00:00:00.000\\",550708,\\"sold_product_550708_21025, sold_product_550708_24048\\",\\"sold_product_550708_21025, sold_product_550708_24048\\",\\"24.984, 18.984\\",\\"24.984, 18.984\\",\\"Women's Clothing, Women's Clothing\\",\\"Women's Clothing, Women's Clothing\\",\\"Dec 1, 2016 @ 00:00:00.000, Dec 1, 2016 @ 00:00:00.000\\",\\"0, 0\\",\\"0, 0\\",\\"Pyramidustries, Spherecords\\",\\"Pyramidustries, Spherecords\\",\\"13.242, 10.063\\",\\"24.984, 18.984\\",\\"21,025, 24,048\\",\\"Sweatshirt - dark blue, Blouse - black\\",\\"Sweatshirt - dark blue, Blouse - black\\",\\"1, 1\\",\\"ZO0181501815, ZO0650306503\\",\\"0, 0\\",\\"24.984, 18.984\\",\\"24.984, 18.984\\",\\"0, 0\\",\\"ZO0181501815, ZO0650306503\\",\\"43.969\\",\\"43.969\\",2,2,order,betty
DQMtOW0BH63Xcmy4528Z,ecommerce,\\"-\\",\\"Men's Shoes\\",\\"Men's Shoes\\",EUR,Samir,Samir,\\"Samir Dawson\\",\\"Samir Dawson\\",MALE,34,Dawson,Dawson,\\"(empty)\\",Thursday,3,\\"samir@dawson-family.zzz\\",Dubai,Asia,AE,\\"POINT (55.3 25.3)\\",Dubai,\\"Low Tide Media, Angeldale\\",\\"Low Tide Media, Angeldale\\",\\"Jun 12, 2019 @ 00:00:00.000\\",551697,\\"sold_product_551697_23510, sold_product_551697_16756\\",\\"sold_product_551697_23510, sold_product_551697_16756\\",\\"35, 65\\",\\"35, 65\\",\\"Men's Shoes, Men's Shoes\\",\\"Men's Shoes, Men's Shoes\\",\\"Dec 1, 2016 @ 00:00:00.000, Dec 1, 2016 @ 00:00:00.000\\",\\"0, 0\\",\\"0, 0\\",\\"Low Tide Media, Angeldale\\",\\"Low Tide Media, Angeldale\\",\\"17.156, 29.906\\",\\"35, 65\\",\\"23,510, 16,756\\",\\"Lace-ups - grey, Lace-up boots - cognac\\",\\"Lace-ups - grey, Lace-up boots - cognac\\",\\"1, 1\\",\\"ZO0387903879, ZO0693206932\\",\\"0, 0\\",\\"35, 65\\",\\"35, 65\\",\\"0, 0\\",\\"ZO0387903879, ZO0693206932\\",100,100,2,2,order,samir
DgMtOW0BH63Xcmy4528Z,ecommerce,\\"-\\",\\"Men's Clothing\\",\\"Men's Clothing\\",EUR,Boris,Boris,\\"Boris Lloyd\\",\\"Boris Lloyd\\",MALE,36,Lloyd,Lloyd,\\"(empty)\\",Thursday,3,\\"boris@lloyd-family.zzz\\",\\"-\\",Europe,GB,\\"POINT (-0.1 51.5)\\",\\"-\\",\\"Microlutions, Low Tide Media\\",\\"Microlutions, Low Tide Media\\",\\"Jun 12, 2019 @ 00:00:00.000\\",551153,\\"sold_product_551153_14461, sold_product_551153_16521\\",\\"sold_product_551153_14461, sold_product_551153_16521\\",\\"34, 33\\",\\"34, 33\\",\\"Men's Clothing, Men's Clothing\\",\\"Men's Clothing, Men's Clothing\\",\\"Dec 1, 2016 @ 00:00:00.000, Dec 1, 2016 @ 00:00:00.000\\",\\"0, 0\\",\\"0, 0\\",\\"Microlutions, Low Tide Media\\",\\"Microlutions, Low Tide Media\\",\\"17, 17.813\\",\\"34, 33\\",\\"14,461, 16,521\\",\\"Shirt - red/black, Jumper - dark blue /offwhite\\",\\"Shirt - red/black, Jumper - dark blue /offwhite\\",\\"1, 1\\",\\"ZO0110201102, ZO0450304503\\",\\"0, 0\\",\\"34, 33\\",\\"34, 33\\",\\"0, 0\\",\\"ZO0110201102, ZO0450304503\\",67,67,2,2,order,boris
DwMtOW0BH63Xcmy4528Z,ecommerce,\\"-\\",\\"Men's Clothing\\",\\"Men's Clothing\\",EUR,Eddie,Eddie,\\"Eddie Kim\\",\\"Eddie Kim\\",MALE,38,Kim,Kim,\\"(empty)\\",Thursday,3,\\"eddie@kim-family.zzz\\",Cairo,Africa,EG,\\"POINT (31.3 30.1)\\",\\"Cairo Governorate\\",\\"Low Tide Media, Spritechnologies\\",\\"Low Tide Media, Spritechnologies\\",\\"Jun 12, 2019 @ 00:00:00.000\\",551189,\\"sold_product_551189_11959, sold_product_551189_16626\\",\\"sold_product_551189_11959, sold_product_551189_16626\\",\\"24.984, 75\\",\\"24.984, 75\\",\\"Men's Clothing, Men's Clothing\\",\\"Men's Clothing, Men's Clothing\\",\\"Dec 1, 2016 @ 00:00:00.000, Dec 1, 2016 @ 00:00:00.000\\",\\"0, 0\\",\\"0, 0\\",\\"Low Tide Media, Spritechnologies\\",\\"Low Tide Media, Spritechnologies\\",\\"12.742, 35.25\\",\\"24.984, 75\\",\\"11,959, 16,626\\",\\"SLIM FIT - Formal shirt - lila, Snowboard jacket - pumpkin spice\\",\\"SLIM FIT - Formal shirt - lila, Snowboard jacket - pumpkin spice\\",\\"1, 1\\",\\"ZO0422404224, ZO0624606246\\",\\"0, 0\\",\\"24.984, 75\\",\\"24.984, 75\\",\\"0, 0\\",\\"ZO0422404224, ZO0624606246\\",100,100,2,2,order,eddie
"
`;
